
 RUN  v1.6.1 C:/tools/workspace/TheSource

stdout | src/core/__tests__/OrchestrationFlow.test.ts > Sovereign Core Orchestration Suite > SelfSustainingProtocol > should record operational distillation and log evolutionary events

≡ƒº¼ [Self-Sustaining] Distilling neural weight for tool: astAutoPatch.js

stdout | src/core/__tests__/OrchestrationFlow.test.ts > Sovereign Core Orchestration Suite > SelfSustainingProtocol > should mutate configuration feature gates correctly
ΓÜÖ∩╕Å [Self-Sustaining] Re-calibrating Feature Gate: enable_forensic_debate -> true

stdout | src/core/__tests__/OrchestrationFlow.test.ts > Sovereign Core Orchestration Suite > ForensicReasoner > should diagnose TypeErrors and assess risk parameters

≡ƒöì [ForensicReasoner] Initiating Deep Traceback Diagnostics for Location: src/main.ts

stdout | src/core/__tests__/OrchestrationFlow.test.ts > Sovereign Core Orchestration Suite > ForensicReasoner > should diagnose CORS/permission errors and enforce lockdowns on critical risks

≡ƒöì [ForensicReasoner] Initiating Deep Traceback Diagnostics for Location: src/auth.ts

stdout | src/core/__tests__/OrchestrationFlow.test.ts > Sovereign Core Orchestration Suite > CentralOrchestrator > should execute the sovereign pipeline successfully on clean code

≡ƒÜÇ [Orchestrator] Launching Sovereign Pipeline for File: src/services/PaymentService.ts

stdout | src/core/__tests__/OrchestrationFlow.test.ts > Sovereign Core Orchestration Suite > CentralOrchestrator > should execute the sovereign pipeline successfully on clean code

≡ƒº¼ [Self-Sustaining] Distilling neural weight for tool: astAutoPatch.js

stdout | src/core/__tests__/OrchestrationFlow.test.ts > Sovereign Core Orchestration Suite > CentralOrchestrator > should intercept compliance breach errors and perform forensic traceback analysis

≡ƒÜÇ [Orchestrator] Launching Sovereign Pipeline for File: src/serializers/PaymentSerializer.ts

≡ƒöì [ForensicReasoner] Initiating Deep Traceback Diagnostics for Location: src/serializers/PaymentSerializer.ts

 Γ£ô src/core/__tests__/OrchestrationFlow.test.ts  (13 tests) 45ms
{"level":30,"time":1779332391800,"pid":9796,"hostname":"SultanYahya","agent":"security","status":"ok"}
 Γ£ô src/core/__tests__/Enterprise.test.ts  (28 tests) 286ms
 Γ£ô src/core/__tests__/Cluster.test.ts  (7 tests) 9ms
 Γ£ô src/tools/__tests__/schemas.test.ts  (8 tests) 9ms
stdout | integrateTools (C:\tools\workspace\TheSource\core\security\tools_integrator.js:151:11)
[╪ú┘ê┘à┘è╪¼╪º] ╪¬┘à ╪¬┘â╪º┘à┘ä ╪º┘ä╪ú╪»┘ê╪º╪¬ ╪¿┘å╪¼╪º╪¡: Agent, TaskOutput, LSPTool, SystemDiagnostics, SurgicalDiff, Bash, Glob, Grep, FileRead, FileReadLines, TodoWrite, SemanticReference, VisualAuditReport, EnterWorktree, FeatureFlag, TaskCreate, FileWrite, FileEdit, ServerMode, ZodSchema, ExitWorktree, TaskGet, TaskUpdate, TaskList, TaskStop, WebFetch, WebSearch, AskUserQuestion, Skill, EnterPlanMode, ExitPlanMode, Config, SendMessage, TeamCreate, TeamDelete, PowerShell, ListMcpResources, ReadMcpResource, Sleep, TokenEstimation, OmegaDiagnostic, ToolSearch

stdout | _log (C:\tools\workspace\TheSource\node_modules\dotenv\lib\main.js:131:11)
Γùç injected env (28) from .env // tip: Γùê secrets for agents [www.dotenvx.com]

stdout | Object.<anonymous> (C:\tools\workspace\TheSource\nexus_bridge.js:42:9)
[Diagnostic] Sovereign Node: ALPHA_SET

stdout | Object.<anonymous> (C:\tools\workspace\TheSource\nexus_bridge.js:43:9)
[Diagnostic] Key Prefix: sk-or-v

stdout | Object.<anonymous> (C:\tools\workspace\TheSource\nexus_bridge.js:44:9)
[Diagnostic] Active Sovereign Engine: deepseek-ai/DeepSeek-V3

stdout | Object.<anonymous> (C:\tools\workspace\TheSource\nexus_bridge.js:58:9)
[Diagnostic] Feature Flags: NEXUS_TOOLS=true, KAIROS_VOICE=false, SWARM_MODE=true

stdout | Object.<anonymous> (C:\tools\workspace\TheSource\nexus_bridge.js:3622:13)
Usage: node nexus_bridge.js "Task" OR node nexus_bridge.js ToolName '{"arg": "val"}'

 Γ£ô src/tools/__tests__/surgical_bridge.test.ts  (4 tests) 350ms
stdout | src/tools/__tests__/surgical_bridge.test.ts > Surgical Bridge Physical Engine Tools > should execute GraphMemorySync successfully
[GraphMemoryEngine] Indexing 2 nodes into dependency web...

stdout | src/tools/__tests__/surgical_bridge.test.ts > Surgical Bridge Physical Engine Tools > should execute ASTAutoPatch successfully
[Simulator] Copying test_patch_ast.js to Impact Sandbox...
[astAutoPatch] Applying patch to C:\tools\workspace\TheSource\scratch\.impact_sandbox\test_patch_ast.js -> greet
[Simulator] Running static impact analysis on test_patch_ast.js...
[Simulator] Impact simulation PASSED. Modification is safe.
[astAutoPatch] Applying patch to scratch/test_patch_ast.js -> greet

stdout | src/tools/__tests__/surgical_bridge.test.ts > Surgical Bridge Physical Engine Tools > should execute FullRepairLoop successfully
[FullRepairLoop] Execution Cycle 1/3...
[FullRepairLoop] Γ£à Verification successful. Zero Exit achieved.

 Γ£ô src/core/memory/__tests__/VectorEdge.test.ts  (1 test) 53ms
 Γ£ô src/tools/__tests__/consensus.test.ts  (9 tests) 3444ms
 Γ£ô src/core/__tests__/VectorEdge.test.ts  (1 test) 35ms
 Γ£ô src/core/daemon/__tests__/ChaosEngine.test.ts  (1 test) 62ms
stdout | src/core/daemon/__tests__/ChaosEngine.test.ts > ChaosEngine (Immune System) > should mutate a file and detect vulnerabilities
[ChaosEngine] ≡ƒº¼ Initiating Chaos Cycle...
[ChaosEngine] ΓÜá∩╕Å Mutated test_target.ts. Running tests...
[ChaosEngine] Γ£à Immune System Active: Mutation was caught by test suite.
[ChaosEngine] ≡ƒ⌐╣ Restored test_target.ts.

 Γ£ô src/core/__tests__/Consensus.test.ts  (2 tests) 6ms
 Γ£ô src/core/__tests__/Chaos.test.ts  (3 tests) 4ms
 Γ£ô src/core/__tests__/LedgerIntegrity.test.ts  (1 test) 35ms
stdout | src/core/__tests__/LedgerIntegrity.test.ts > Ledger Integrity > verify chain coverage and continuity for chained runtime events
{ totalRuntime: 1753, chainedRuntime: 607, invalidChainLinks: 0 }

 Γ£ô src/core/swarm/__tests__/TelepathyBus.test.ts  (1 test) 9ms
 Γ£ô src/core/__tests__/GPS.test.ts  (1 test) 5ms
 Γ£ô src/core/__tests__/RuntimePolicy.test.ts  (2 tests) 4ms
 Γ£ô src/core/__tests__/TelepathyBus.test.ts  (1 test) 5ms
 Γ£ô src/tools/__tests__/FileRead.test.ts  (2 tests) 79ms
 Γ£ô src/tools/__tests__/bash.test.ts  (2 tests) 188ms
 Γ£ô src/core/__tests__/SkillArbitrator.test.ts  (1 test) 4ms
 Γ£ô src/core/evolution/__tests__/MirrorRoom.test.ts  (1 test) 38ms
stdout | src/core/evolution/__tests__/MirrorRoom.test.ts > MirrorRoom (Self-Optimizing Kernel) > should parse shadow_ledger telemetry and identify bottlenecks
[MirrorRoom] ≡ƒ¬₧ Entering Forensic Mirror Room for self-analysis...

 Γ£ô src/core/__tests__/LedgerTamper.test.ts  (1 test) 6ms
 Γ£ô src/tools/__tests__/bridge.test.ts  (1 test) 8ms
 Γ£ô src/core/__tests__/ReplayValidation.test.ts  (1 test) 4ms
 Γ£ô src/tools/__tests__/fs.test.ts  (2 tests) 17ms

 Test Files  24 passed (24)
      Tests  94 passed (94)
   Start at  19:59:49
   Duration  9.69s (transform 5.32s, setup 5ms, collect 12.58s, tests 4.71s, environment 9ms, prepare 5.27s)

